// Jest Snapshot v1, https://goo.gl/fbAQLP

exports[`CreateAccount should match the snapshot 1`] = `ShallowWrapper {}`;
