// Jest Snapshot v1, https://goo.gl/fbAQLP

exports[`Log In should match the snapshot 1`] = `ShallowWrapper {}`;
